scripts/find_hadi.ts(3,25): error TS2307: Cannot find module 'dotenv' or its corresponding type declarations.
src/features/clients/hooks/useClientsFilters.ts(2,32): error TS2307: Cannot find module '@/features/clients/types/clients.types' or its corresponding type declarations.
src/features/clients/hooks/useClientsFilters.ts(24,70): error TS7006: Parameter 'p' implicitly has an 'any' type.
src/features/finance/components/Add-invoice/index.tsx(3,32): error TS2307: Cannot find module 'src/context/InvoiceContext' or its corresponding type declarations.
src/features/finance/components/Add-invoice/index.tsx(22,8): error TS2307: Cannot find module '@mui/material' or its corresponding type declarations.
src/features/finance/components/Add-invoice/index.tsx(24,33): error TS2307: Cannot find module 'date-fns' or its corresponding type declarations.
src/features/finance/components/Add-invoice/index.tsx(25,60): error TS2307: Cannot find module '@tabler/icons-react' or its corresponding type declarations.
src/features/finance/components/Add-invoice/index.tsx(26,29): error TS2307: Cannot find module 'src/components/forms/theme-elements/CustomFormLabel' or its corresponding type declarations.
src/features/finance/components/Add-invoice/index.tsx(27,26): error TS2307: Cannot find module 'src/components/forms/theme-elements/CustomSelect' or its corresponding type declarations.
src/features/finance/components/Add-invoice/index.tsx(28,29): error TS2307: Cannot find module 'src/components/forms/theme-elements/CustomTextField' or its corresponding type declarations.
src/features/finance/components/Add-invoice/index.tsx(31,11): error TS2339: Property 'addInvoice' does not exist on type '{}'.
src/features/finance/components/Add-invoice/index.tsx(31,23): error TS2339: Property 'invoices' does not exist on type '{}'.
src/features/finance/hooks/useFinanceAnalytics.ts(28,70): error TS2551: Property 'CREDIT' does not exist on type 'typeof CardType'. Did you mean 'KREDIT'?
src/features/finance/hooks/useFinanceAnalytics.ts(29,78): error TS2551: Property 'CREDIT' does not exist on type 'typeof CardType'. Did you mean 'KREDIT'?
src/features/projects/components/ProjectList.tsx(22,26): error TS2741: Property 'onSendMessage' is missing in type '{ key: string; project: Project; client: Client; projectStatusConfig: ProjectStatusConfig[]; onViewDetails: (project: Project) => void; onEdit: (project: Project) => void; onStatusChange: (id: string, status: string) => void; }' but required in type 'ProjectCardProps'.
src/services/balanceValidator.test.ts(48,29): error TS2345: Argument of type '{ balance: number; }' is not assignable to parameter of type 'Card'.
  Type '{ balance: number; }' is missing the following properties from type 'Card': id, cardHolderName, bankName, cardType, and 2 more.
src/services/balanceValidator.test.ts(52,29): error TS2345: Argument of type '{ balance: number; }' is not assignable to parameter of type 'Card'.
  Type '{ balance: number; }' is missing the following properties from type 'Card': id, cardHolderName, bankName, cardType, and 2 more.
src/services/balanceValidator.test.ts(56,29): error TS2345: Argument of type '{ balance: number; }' is not assignable to parameter of type 'Card'.
  Type '{ balance: number; }' is missing the following properties from type 'Card': id, cardHolderName, bankName, cardType, and 2 more.
src/services/teamPaymentRecords.ts(7,3): error TS2739: Type '{ id: any; recordNumber: any; teamMemberId: any; date: any; projectPaymentIds: any; totalAmount: number; vendorSignature: any; }' is missing the following properties from type 'TeamPaymentRecord': teamMemberName, teamMemberRole, items
src/shared/ui/FailedSyncModal.tsx(8,50): error TS2307: Cannot find module '@/shared/services/offlineStorage' or its corresponding type declarations.
src/shared/ui/FailedSyncModal.tsx(9,29): error TS2307: Cannot find module '@/shared/services/syncManager' or its corresponding type declarations.
src/shared/ui/OfflineSyncIndicator.tsx(7,32): error TS2307: Cannot find module '@/shared/hooks/useOfflineSync' or its corresponding type declarations.
